// Jest Snapshot v1, https://goo.gl/fbAQLP

exports[`it tests the CalculatorPage Component renders correctly 1`] = `
<div
  className="calcpage"
  data-testid="calc-1"
>
  <div
    className="calctitle"
    data-testid="calc-2"
  >
    Lets do some math!
  </div>
  <div
    className="calculator"
    data-testid="calc"
  >
    <div
      className="answer"
    >
      0
    </div>
    <div
      className="center"
    >
      AC
    </div>
    <div
      className="center"
    >
      +/-
    </div>
    <div
      className="center"
    >
      %
    </div>
    <div
      className="center orange"
    >
      รท
    </div>
    <div
      className="center"
    >
      7
    </div>
    <div
      className="center"
    >
      8
    </div>
    <div
      className="center"
    >
      9
    </div>
    <div
      className="center orange"
    >
      x
    </div>
    <div
      className="center"
    >
      4
    </div>
    <div
      className="center"
    >
      5
    </div>
    <div
      className="center"
    >
      6
    </div>
    <div
      className="center orange"
    >
      -
    </div>
    <div
      className="center"
    >
      1
    </div>
    <div
      className="center"
    >
      2
    </div>
    <div
      className="center"
    >
      3
    </div>
    <div
      className="center orange"
    >
      +
    </div>
    <div
      className="center zero"
    >
      0
    </div>
    <div
      className="center"
    >
      .
    </div>
    <div
      className="center orange"
    >
      =
    </div>
  </div>
</div>
`;
